
> build
> vite build && vite build --ssr

vite v7.3.1 building client environment for production...
[plugin @laravel/vite-plugin-wayfinder] Types generated for actions, routes, form variants
transforming...
✓ 6 modules transformed.
✗ Build failed in 5.20s
error during build:
[vite:react-babel] /home/saaymo/Documents/JB/jurijob-full-stack-app/resources/js/pages/admin/Candidats.tsx: Unexpected token (12:0)

  10 | ];
  11 |
> 12 | ];
     | ^
  13 |
  14 | const statusTabs = (t: any) => [
  15 |     { value: 'en_attente', label: t('admin_candidates.tabs.pending') },
file: /home/saaymo/Documents/JB/jurijob-full-stack-app/resources/js/pages/admin/Candidats.tsx:12:0
    at constructor (/home/saaymo/Documents/JB/jurijob-full-stack-app/node_modules/@babel/parser/lib/index.js:365:19)
    at TypeScriptParserMixin.raise (/home/saaymo/Documents/JB/jurijob-full-stack-app/node_modules/@babel/parser/lib/index.js:6599:19)
    at TypeScriptParserMixin.unexpected (/home/saaymo/Documents/JB/jurijob-full-stack-app/node_modules/@babel/parser/lib/index.js:6619:16)
    at TypeScriptParserMixin.parseExprAtom (/home/saaymo/Documents/JB/jurijob-full-stack-app/node_modules/@babel/parser/lib/index.js:11442:22)
    at TypeScriptParserMixin.parseExprAtom (/home/saaymo/Documents/JB/jurijob-full-stack-app/node_modules/@babel/parser/lib/index.js:4764:20)
    at TypeScriptParserMixin.parseExprSubscripts (/home/saaymo/Documents/JB/jurijob-full-stack-app/node_modules/@babel/parser/lib/index.js:11081:23)
    at TypeScriptParserMixin.parseUpdate (/home/saaymo/Documents/JB/jurijob-full-stack-app/node_modules/@babel/parser/lib/index.js:11066:21)
    at TypeScriptParserMixin.parseMaybeUnary (/home/saaymo/Documents/JB/jurijob-full-stack-app/node_modules/@babel/parser/lib/index.js:11046:23)
    at TypeScriptParserMixin.parseMaybeUnary (/home/saaymo/Documents/JB/jurijob-full-stack-app/node_modules/@babel/parser/lib/index.js:9837:18)
    at TypeScriptParserMixin.parseMaybeUnaryOrPrivate (/home/saaymo/Documents/JB/jurijob-full-stack-app/node_modules/@babel/parser/lib/index.js:10899:61)
    at TypeScriptParserMixin.parseExprOps (/home/saaymo/Documents/JB/jurijob-full-stack-app/node_modules/@babel/parser/lib/index.js:10904:23)
    at TypeScriptParserMixin.parseMaybeConditional (/home/saaymo/Documents/JB/jurijob-full-stack-app/node_modules/@babel/parser/lib/index.js:10881:23)
    at TypeScriptParserMixin.parseMaybeAssign (/home/saaymo/Documents/JB/jurijob-full-stack-app/node_modules/@babel/parser/lib/index.js:10831:21)
    at TypeScriptParserMixin.parseMaybeAssign (/home/saaymo/Documents/JB/jurijob-full-stack-app/node_modules/@babel/parser/lib/index.js:9786:20)
    at TypeScriptParserMixin.parseExpressionBase (/home/saaymo/Documents/JB/jurijob-full-stack-app/node_modules/@babel/parser/lib/index.js:10784:23)
    at /home/saaymo/Documents/JB/jurijob-full-stack-app/node_modules/@babel/parser/lib/index.js:10780:39
    at TypeScriptParserMixin.allowInAnd (/home/saaymo/Documents/JB/jurijob-full-stack-app/node_modules/@babel/parser/lib/index.js:12421:16)
    at TypeScriptParserMixin.parseExpression (/home/saaymo/Documents/JB/jurijob-full-stack-app/node_modules/@babel/parser/lib/index.js:10780:17)
    at TypeScriptParserMixin.parseStatementContent (/home/saaymo/Documents/JB/jurijob-full-stack-app/node_modules/@babel/parser/lib/index.js:12895:23)
    at TypeScriptParserMixin.parseStatementContent (/home/saaymo/Documents/JB/jurijob-full-stack-app/node_modules/@babel/parser/lib/index.js:9508:18)
    at TypeScriptParserMixin.parseStatementLike (/home/saaymo/Documents/JB/jurijob-full-stack-app/node_modules/@babel/parser/lib/index.js:12767:17)
    at TypeScriptParserMixin.parseModuleItem (/home/saaymo/Documents/JB/jurijob-full-stack-app/node_modules/@babel/parser/lib/index.js:12744:17)
    at TypeScriptParserMixin.parseBlockOrModuleBlockBody (/home/saaymo/Documents/JB/jurijob-full-stack-app/node_modules/@babel/parser/lib/index.js:13316:36)
    at TypeScriptParserMixin.parseBlockBody (/home/saaymo/Documents/JB/jurijob-full-stack-app/node_modules/@babel/parser/lib/index.js:13309:10)
    at TypeScriptParserMixin.parseProgram (/home/saaymo/Documents/JB/jurijob-full-stack-app/node_modules/@babel/parser/lib/index.js:12622:10)
    at TypeScriptParserMixin.parseTopLevel (/home/saaymo/Documents/JB/jurijob-full-stack-app/node_modules/@babel/parser/lib/index.js:12612:25)
    at TypeScriptParserMixin.parse (/home/saaymo/Documents/JB/jurijob-full-stack-app/node_modules/@babel/parser/lib/index.js:14488:25)
    at TypeScriptParserMixin.parse (/home/saaymo/Documents/JB/jurijob-full-stack-app/node_modules/@babel/parser/lib/index.js:10126:18)
    at parse (/home/saaymo/Documents/JB/jurijob-full-stack-app/node_modules/@babel/parser/lib/index.js:14522:38)
    at parser (/home/saaymo/Documents/JB/jurijob-full-stack-app/node_modules/@babel/core/lib/parser/index.js:41:34)
    at parser.next (<anonymous>)
    at normalizeFile (/home/saaymo/Documents/JB/jurijob-full-stack-app/node_modules/@babel/core/lib/transformation/normalize-file.js:64:37)
    at normalizeFile.next (<anonymous>)
    at run (/home/saaymo/Documents/JB/jurijob-full-stack-app/node_modules/@babel/core/lib/transformation/index.js:22:50)
    at run.next (<anonymous>)
    at transform (/home/saaymo/Documents/JB/jurijob-full-stack-app/node_modules/@babel/core/lib/transform.js:22:33)
    at transform.next (<anonymous>)
    at step (/home/saaymo/Documents/JB/jurijob-full-stack-app/node_modules/gensync/index.js:261:32)
    at evaluateAsync (/home/saaymo/Documents/JB/jurijob-full-stack-app/node_modules/gensync/index.js:291:5)
    at /home/saaymo/Documents/JB/jurijob-full-stack-app/node_modules/gensync/index.js:93:9
    at new Promise (<anonymous>)
    at async (/home/saaymo/Documents/JB/jurijob-full-stack-app/node_modules/gensync/index.js:92:14)
    at stopHiding - secret - don't use this - v1 (/home/saaymo/Documents/JB/jurijob-full-stack-app/node_modules/@babel/core/lib/errors/rewrite-stack-trace.js:47:12)
    at Module.transformAsync (/home/saaymo/Documents/JB/jurijob-full-stack-app/node_modules/@babel/core/lib/transform.js:43:77)
    at Object.handler (file:///home/saaymo/Documents/JB/jurijob-full-stack-app/node_modules/@vitejs/plugin-react/dist/index.js:206:46)
